<html>
<body>
<pre>
<h1>礦ision Build Log</h1>
<h2>Project:</h2>
D:\OneDrive - email.szu.edu.cn\作业\机器人\robot软件\sensor\sensor\HelloRobot.uvproj
Project File Date:  09/26/2022

<h2>Output:</h2>
Build target 'Hello Robot'
linking...
Program Size: Code=15304 RO-data=336 RW-data=104 ZI-data=1064  
FromELF: creating hex file...
".\HelloRobot.axf" - 0 Error(s), 0 Warning(s).
Load "D:\\OneDrive - email.szu.edu.cn\\作业\\机器人\\robot软件\\sensor\\sensor\\HelloRobot.axf" 
Set JLink Project File to "D:\OneDrive - email.szu.edu.cn\作业\机器人\robot软件\sensor\sensor\JLinkSettings.ini"
* JLink Info: Device "STM32F103VC" selected.
 
JLink info:
------------
DLL: V7.80d, compiled Oct  4 2022 16:35:44
Firmware: J-Link ARM V8 compiled Nov 28 2014 13:44:46
Hardware: V8.00
S/N : 805251123 
Feature(s) : RDI,FlashDL,FlashBP,JFlash,GDB 
 
* JLink Info: InitTarget() start
* JLink Info: TotalIRLen = 9, IRPrint = 0x0011
* JLink Info: JTAG chain detection found 2 devices:
* JLink Info:  #0 Id: 0x3BA00477, IRLen: 04, CoreSight JTAG-DP
* JLink Info:  #1 Id: 0x06414041, IRLen: 05, STM32 Boundary Scan
* JLink Info: InitTarget() end
* JLink Info: TotalIRLen = 9, IRPrint = 0x0011
* JLink Info: JTAG chain detection found 2 devices:
* JLink Info:  #0 Id: 0x3BA00477, IRLen: 04, CoreSight JTAG-DP
* JLink Info:  #1 Id: 0x06414041, IRLen: 05, STM32 Boundary Scan
* JLink Info: DPv0 detected
* JLink Info: CoreSight SoC-400 or earlier
* JLink Info: Scanning AP map to find all available APs
* JLink Info: AP[1]: Stopped AP scan as end of AP map has been reached
* JLink Info: AP[0]: AHB-AP (IDR: 0x14770011)
* JLink Info: Iterating through AP map to find AHB-AP to use
* JLink Info: AP[0]: Core found
* JLink Info: AP[0]: AHB-AP ROM base: 0xE00FF000
* JLink Info: CPUID register: 0x411FC231. Implementer code: 0x41 (ARM)
* JLink Info: Found Cortex-M3 r1p1, Little endian.
* JLink Info: FPUnit: 6 code (BP) slots and 2 literal slots
* JLink Info: CoreSight components:
* JLink Info: ROMTbl[0] @ E00FF000
* JLink Info: [0][0]: E000E000 CID B105E00D PID 001BB000 SCS
* JLink Info: [0][1]: E0001000 CID B105E00D PID 001BB002 DWT
* JLink Info: [0][2]: E0002000 CID B105E00D PID 000BB003 FPB
* JLink Info: [0][3]: E0000000 CID B105E00D PID 001BB001 ITM
* JLink Info: [0][4]: E0040000 CID B105900D PID 001BB923 TPIU-Lite
* JLink Info: [0][5]: E0041000 CID B105900D PID 101BB924 ETM-M3
ROMTableAddr = 0xE00FF003
* JLink Info: Reset: Halt core after reset via DEMCR.VC_CORERESET.
* JLink Info: Reset: Reset device via AIRCR.SYSRESETREQ.
 
Target info:
------------
Device: STM32F103VC
VTarget = 3.332V
State of Pins: 
TCK: 1, TDI: 1, TDO: 1, TMS: 0, TRES: 1, TRST: 1
Hardware-Breakpoints: 6
Software-Breakpoints: 8192
Watchpoints:          4
JTAG speed: 2000 kHz
 
Full Chip Erase Done.
Programming Done.
Verify OK.
* JLink Info: Reset: Halt core after reset via DEMCR.VC_CORERESET.
* JLink Info: Reset: Reset device via AIRCR.SYSRESETREQ.
Application running ...
* JLink Info: OnDisconnectTarget() start
* JLink Info: OnDisconnectTarget() end
</pre>
</body>
</html>
vice via AIRCR.SYSRESETREQ.
Application running ...
* JLink Info: T-bit of XPSR is 0 but should be 1. Changed to 1.
* JLink Info: OnDisconnectTarget() start
* JLink Info: OnDisconnectTarget() end
